------------------------------------------------------------
TimeQuest Timing Analyzer Summary
------------------------------------------------------------

Type  : Slow 1200mV 85C Model Setup 'gcd:U_GCD|ctrl2:U_CTRL|state.LOOP_BODY_A'
Slack : -3.929
TNS   : -3.929

Type  : Slow 1200mV 85C Model Setup 'clk50MHz'
Slack : -3.026
TNS   : -58.767

Type  : Slow 1200mV 85C Model Hold 'clk50MHz'
Slack : 0.331
TNS   : 0.000

Type  : Slow 1200mV 85C Model Hold 'gcd:U_GCD|ctrl2:U_CTRL|state.LOOP_BODY_A'
Slack : 3.734
TNS   : 0.000

Type  : Slow 1200mV 85C Model Minimum Pulse Width 'clk50MHz'
Slack : -3.000
TNS   : -42.104

Type  : Slow 1200mV 85C Model Minimum Pulse Width 'gcd:U_GCD|ctrl2:U_CTRL|state.LOOP_BODY_A'
Slack : 0.387
TNS   : 0.000

Type  : Slow 1200mV 0C Model Setup 'gcd:U_GCD|ctrl2:U_CTRL|state.LOOP_BODY_A'
Slack : -3.547
TNS   : -3.547

Type  : Slow 1200mV 0C Model Setup 'clk50MHz'
Slack : -2.612
TNS   : -50.742

Type  : Slow 1200mV 0C Model Hold 'clk50MHz'
Slack : 0.299
TNS   : 0.000

Type  : Slow 1200mV 0C Model Hold 'gcd:U_GCD|ctrl2:U_CTRL|state.LOOP_BODY_A'
Slack : 3.468
TNS   : 0.000

Type  : Slow 1200mV 0C Model Minimum Pulse Width 'clk50MHz'
Slack : -3.000
TNS   : -42.104

Type  : Slow 1200mV 0C Model Minimum Pulse Width 'gcd:U_GCD|ctrl2:U_CTRL|state.LOOP_BODY_A'
Slack : 0.417
TNS   : 0.000

Type  : Fast 1200mV 0C Model Setup 'gcd:U_GCD|ctrl2:U_CTRL|state.LOOP_BODY_A'
Slack : -1.753
TNS   : -1.753

Type  : Fast 1200mV 0C Model Setup 'clk50MHz'
Slack : -1.009
TNS   : -16.070

Type  : Fast 1200mV 0C Model Hold 'clk50MHz'
Slack : 0.152
TNS   : 0.000

Type  : Fast 1200mV 0C Model Hold 'gcd:U_GCD|ctrl2:U_CTRL|state.LOOP_BODY_A'
Slack : 2.146
TNS   : 0.000

Type  : Fast 1200mV 0C Model Minimum Pulse Width 'clk50MHz'
Slack : -3.000
TNS   : -36.054

Type  : Fast 1200mV 0C Model Minimum Pulse Width 'gcd:U_GCD|ctrl2:U_CTRL|state.LOOP_BODY_A'
Slack : 0.427
TNS   : 0.000

------------------------------------------------------------
